Microchip MPLAB XC8 Compiler V2.45

Linker command line:

-W-3 --edf=/opt/microchip/xc8/v2.45/pic/dat/20230818022343_en.msgs -cn \
  -h+dist/default/debug/egr_314_advanced_serial_communication_pena.X.debug.sym \
  --cmf=dist/default/debug/egr_314_advanced_serial_communication_pena.X.debug.cmf \
  -z -Q18F47Q10 -o/tmp/xcXLHHCND/driver_tmp_3.o --defsym=__MPLAB_BUILD=1 \
  --fixupoverflow=error \
  -Mdist/default/debug/egr_314_advanced_serial_communication_pena.X.debug.map \
  --md=/tmp/xcXLHHCND/driver_tmp_0.dat -E1 -ver=XC8 Compiler --acfsm=1493 \
  -ACODE=00h-01FFFFh -ACONST=00h-01FFFFh -ASMALLCONST=0F00h-0FFFhx497 \
  -AMEDIUMCONST=0F00h-0FFFFh,010F00h-01FFFFh -ACOMRAM=01h-05Fh \
  -AABS1=00h-0CFFh,0E00h-0E1Eh -ABIGRAM=01h-0CFFh,0E00h-0E1Eh \
  -ARAM=060h-0FFh,0100h-01FFhx12,0E00h-0E1Eh -ABANK0=060h-0FFh \
  -ABANK1=0100h-01FFh -ABANK2=0200h-02FFh -ABANK3=0300h-03FFh \
  -ABANK4=0400h-04FFh -ABANK5=0500h-05FFh -ABANK6=0600h-06FFh \
  -ABANK7=0700h-07FFh -ABANK8=0800h-08FFh -ABANK9=0900h-09FFh \
  -ABANK10=0A00h-0AFFh -ABANK11=0B00h-0BFFh -ABANK12=0C00h-0CFFh \
  -ABANK14=0E00h-0E1Eh \
  -ASFR=0D00h-0DFFh,0E1Fh-0EFFh,0F00h-0F5Fh,0F60h-0FFFh \
  -ABIGSFR=0D00h-0DFFh,0E1Fh-0FFFh -ACONFIG=0300000h-030000Bh \
  -AIDLOC=0200000h-02000FFh -AEEDATA=0310000h-03103FFh -peeprom_data=EEDATA \
  -preset_vec=00h,intcode,intcodelo,powerup,init -pramtop=0F00h \
  -psmallconst=SMALLCONST -pmediumconst=MEDIUMCONST -pconst=CONST \
  -AFARRAM=00h-00h \
  -prdata=COMRAM,nvrram=COMRAM,nvbit=COMRAM,rbss=COMRAM,rbit=COMRAM \
  -pfarbss=FARRAM,fardata=FARRAM,nvFARRAM=FARRAM \
  -pintsave_regs=BIGRAM,bigbss=BIGRAM,bigdata=BIGRAM -pbss=RAM \
  -pidata=CODE,irdata=CODE,ibigdata=CODE,ifardata=CODE -prparam=COMRAM \
  /tmp/xcXLHHCND/driver_tmp_14.o \
  dist/default/debug/egr_314_advanced_serial_communication_pena.X.debug.o 

Object code version is 3.11

Machine type is 18F47Q10



                Name                               Link     Load   Length Selector   Space Scale
/tmp/xcXLHHCND/driver_tmp_14.o
                config                           300000   300000        C        0       4
                init                                  0        0        4        0       0
dist/default/debug/egr_314_advanced_serial_communication_pena.X.debug.o
                config                           300000   300000        C        0       4
                smallconst                          F00      F00        E      780       0
                text20                             17DA     17DA       4C      787       0
                text19                             15D4     15D4       B0      787       0
                text18                             1950     1950        E      787       0
                text17                             1942     1942        E      787       0
                text16                             1934     1934        E      787       0
                text15                             178E     178E       4C      787       0
                text14                             1906     1906       18      787       0
                text13                             1684     1684       9E      787       0
                text12                             18D2     18D2       1C      787       0
                text11                             1890     1890       24      787       0
                text10                             191E     191E       16      787       0
                text9                              1460     1460       C4      787       0
                text8                              1524     1524       B0      787       0
                text7                              185C     185C       34      787       0
                text6                              18EE     18EE       18      787       0
                text5                              195E     195E        A      787       0
                text4                              1396     1396       CA      787       0
                text3                               F0E      F0E      34C      787       0
                text2                              1722     1722       6C      787       0
                text1                              18B4     18B4       1E      787       0
                text0                              125A     125A      13C      787       0
                cstackCOMRAM                         34       34       2A        1       1
                bssBANK0                             60       60       64       60       1
                dataCOMRAM                           5E       5E        2        1       1
                bssCOMRAM                             1        1       33        1       1
                cinit                              1826     1826       36      787       0
                nvBANK0                              C4       C4        9       60       1
                idataCOMRAM                        1968     1968        2      787       0

TOTAL           Name                               Link     Load   Length     Space
        CLASS   CODE           
                init                                  0        0        4         0
                text20                             17DA     17DA       4C         0
                text19                             15D4     15D4       B0         0
                text18                             1950     1950        E         0
                text17                             1942     1942        E         0
                text16                             1934     1934        E         0
                text15                             178E     178E       4C         0
                text14                             1906     1906       18         0
                text13                             1684     1684       9E         0
                text12                             18D2     18D2       1C         0
                text11                             1890     1890       24         0
                text10                             191E     191E       16         0
                text9                              1460     1460       C4         0
                text8                              1524     1524       B0         0
                text7                              185C     185C       34         0
                text6                              18EE     18EE       18         0
                text5                              195E     195E        A         0
                text4                              1396     1396       CA         0
                text3                               F0E      F0E      34C         0
                text2                              1722     1722       6C         0
                text1                              18B4     18B4       1E         0
                text0                              125A     125A      13C         0
                cinit                              1826     1826       36         0
                idataCOMRAM                        1968     1968        2         0

        CLASS   CONST          

        CLASS   SMALLCONST     
                smallconst                          F00      F00        E         0

        CLASS   MEDIUMCONST    

        CLASS   COMRAM         
                cstackCOMRAM                         34       34       2A         1
                dataCOMRAM                           5E       5E        2         1
                bssCOMRAM                             1        1       33         1

        CLASS   ABS1           

        CLASS   BIGRAM         

        CLASS   RAM            

        CLASS   BANK0          
                bssBANK0                             60       60       64         1
                nvBANK0                              C4       C4        9         1

        CLASS   BANK1          

        CLASS   BANK2          

        CLASS   BANK3          

        CLASS   BANK4          

        CLASS   BANK5          

        CLASS   BANK6          

        CLASS   BANK7          

        CLASS   BANK8          

        CLASS   BANK9          

        CLASS   BANK10         

        CLASS   BANK11         

        CLASS   BANK12         

        CLASS   BANK14         

        CLASS   SFR            

        CLASS   BIGSFR         

        CLASS   CONFIG         
                config                           300000   300000        C         4

        CLASS   IDLOC          

        CLASS   EEDATA         

        CLASS   FARRAM         

        CLASS   HEAP           

        CLASS   STACK          



SEGMENTS        Name                           Load    Length   Top    Selector   Space  Class

                reset_vec                      000000  000004  000004         0       0  CODE    
                bssBANK0                       000060  00006D  0000CD        60       1  BANK0   
                text3                          000F0E  000A5C  00196A       787       0  CODE    
                bssCOMRAM                      000001  00005F  000060         1       1  COMRAM  
                smallconst                     000F00  00000E  000F0E       780       0  SMALLCON


UNUSED ADDRESS RANGES

        Name                Unused          Largest block    Delta
        BANK0            0000CD-0000FF               33
        BANK1            000100-0001FF              100
        BANK10           000A00-000AFF              100
        BANK11           000B00-000BFF              100
        BANK12           000C00-000CFF              100
        BANK14           000E00-000E1E               1F
        BANK2            000200-0002FF              100
        BANK3            000300-0003FF              100
        BANK4            000400-0004FF              100
        BANK5            000500-0005FF              100
        BANK6            000600-0006FF              100
        BANK7            000700-0007FF              100
        BANK8            000800-0008FF              100
        BANK9            000900-0009FF              100
        BIGRAM           0000CD-000CFF              C33
                         000E00-000E1E               1F
        BIGSFR           000D00-000DFF              100
                         000E1F-000FFF              1E1
        CODE             000004-000EFF              EFC
                         00196A-01FFFF            1E696
        CONST            000004-000EFF              EFC
                         00196A-01FFFF            1E696
        EEDATA           310000-3103FF              400
        IDLOC            200000-2000FF              100
        MEDIUMCONST      00196A-00FFFF             E696
                         010F00-01FFFF             F100
        RAM              0000CD-000CFF              100
                         000E00-000E1E               1F
        SFR              000D00-000DFF              100
                         000E1F-000FFF               E1
        SMALLCONST       00196A-01FFFF              100

                                  Symbol Table

?___awdiv                                       cstackCOMRAM 000034
?___awmod                                       cstackCOMRAM 000034
?_abs                                           cstackCOMRAM 00003A
?_printf                                        cstackCOMRAM 000057
?_vfpfcnvrt                                     cstackCOMRAM 00003F
?_vfprintf                                      cstackCOMRAM 000050
EUSART2_SetErrorHandler@interruptHandler        cstackCOMRAM 000034
EUSART2_SetFramingErrorHandler@interruptHandler cstackCOMRAM 000034
EUSART2_SetOverrunErrorHandler@interruptHandler cstackCOMRAM 000034
EUSART2_Write@txData                            cstackCOMRAM 000034
SPI1_ExchangeBlock@block                        cstackCOMRAM 000034
SPI1_ExchangeBlock@blockSize                    cstackCOMRAM 000035
SPI1_ExchangeBlock@data                         cstackCOMRAM 000037
SPI1_Open@spi1UniqueConfiguration               cstackCOMRAM 000037
_ANSELA                                         (abs)        000F0C
_ANSELB                                         (abs)        000F14
_ANSELC                                         (abs)        000F1C
_ANSELD                                         (abs)        000F21
_ANSELE                                         (abs)        000F29
_BAUD2CON                                       (abs)        000E9A
_EUSART2_DefaultErrorHandler                    (abs)        000000
_EUSART2_DefaultFramingErrorHandler             (abs)        000000
_EUSART2_DefaultOverrunErrorHandler             (abs)        000000
_EUSART2_ErrorHandler                           nvBANK0      0000C4
_EUSART2_FramingErrorHandler                    nvBANK0      0000CA
_EUSART2_Initialize                             text15       00178E
_EUSART2_OverrunErrorHandler                    nvBANK0      0000C7
_EUSART2_SetErrorHandler                        text18       001950
_EUSART2_SetFramingErrorHandler                 text17       001942
_EUSART2_SetOverrunErrorHandler                 text16       001934
_EUSART2_Write                                  text6        0018EE
_INLVLA                                         (abs)        000F08
_INLVLB                                         (abs)        000F10
_INLVLC                                         (abs)        000F18
_INLVLD                                         (abs)        000F1D
_INLVLE                                         (abs)        000F25
_LATA                                           (abs)        000F82
_LATAbits                                       (abs)        000F82
_LATB                                           (abs)        000F83
_LATC                                           (abs)        000F84
_LATD                                           (abs)        000F85
_LATE                                           (abs)        000F86
_N                                              dataCOMRAM   00005F
_ODCONA                                         (abs)        000F0A
_ODCONB                                         (abs)        000F12
_ODCONC                                         (abs)        000F1A
_ODCOND                                         (abs)        000F1F
_ODCONE                                         (abs)        000F27
_OSCCON1                                        (abs)        000ED3
_OSCCON3                                        (abs)        000ED5
_OSCEN                                          (abs)        000ED7
_OSCFRQ                                         (abs)        000ED9
_OSCILLATOR_Initialize                          text14       001906
_OSCTUNE                                        (abs)        000ED8
_PIN_MANAGER_Initialize                         text13       001684
_PIR3bits                                       (abs)        000EC8
_PMD0                                           (abs)        000EDC
_PMD1                                           (abs)        000EDD
_PMD2                                           (abs)        000EDE
_PMD3                                           (abs)        000EDF
_PMD4                                           (abs)        000EE0
_PMD5                                           (abs)        000EE1
_PMD_Initialize                                 text12       0018D2
_RB6PPS                                         (abs)        000EF0
_RC2REG                                         (abs)        000E94
_RC2STA                                         (abs)        000E98
_RC2STAbits                                     (abs)        000E98
_RC5PPS                                         (abs)        000EF7
_RC6PPS                                         (abs)        000EF8
_RD0PPS                                         (abs)        000EFA
_RX2PPS                                         (abs)        000E88
_SLRCONA                                        (abs)        000F09
_SLRCONB                                        (abs)        000F11
_SLRCONC                                        (abs)        000F19
_SLRCOND                                        (abs)        000F1E
_SLRCONE                                        (abs)        000F26
_SP2BRGH                                        (abs)        000E97
_SP2BRGL                                        (abs)        000E96
_SPI1_ExchangeBlock                             text20       0017DA
_SPI1_Initialize                                text11       001890
_SPI1_Open                                      text19       0015D4
_SSP1ADD                                        (abs)        000F92
_SSP1BUF                                        (abs)        000F91
_SSP1CLKPPS                                     (abs)        000EB2
_SSP1CON1                                       (abs)        000F95
_SSP1CON1bits                                   (abs)        000F95
_SSP1CON2                                       (abs)        000F96
_SSP1DATPPS                                     (abs)        000EB3
_SSP1STAT                                       (abs)        000F94
_SYSTEM_Initialize                              text10       00191E
_TRISA                                          (abs)        000F87
_TRISB                                          (abs)        000F88
_TRISC                                          (abs)        000F89
_TRISCbits                                      (abs)        000F89
_TRISD                                          (abs)        000F8A
_TRISE                                          (abs)        000F8B
_TX2REG                                         (abs)        000E95
_TX2STA                                         (abs)        000E99
_TX2STAbits                                     (abs)        000E99
_WPUA                                           (abs)        000F0B
_WPUB                                           (abs)        000F13
_WPUC                                           (abs)        000F1B
_WPUD                                           (abs)        000F20
_WPUE                                           (abs)        000F28
_X                                              bssCOMRAM    000032
_Y                                              bssCOMRAM    000031
__HRAM                                          (abs)        000000
__H__absolute__                                 __absolute__ 000000
__Habs1                                         abs1         000000
__Hbank0                                        bank0        000000
__Hbank1                                        bank1        000000
__Hbank10                                       bank10       000000
__Hbank11                                       bank11       000000
__Hbank12                                       bank12       000000
__Hbank14                                       bank14       000000
__Hbank2                                        bank2        000000
__Hbank3                                        bank3        000000
__Hbank4                                        bank4        000000
__Hbank5                                        bank5        000000
__Hbank6                                        bank6        000000
__Hbank7                                        bank7        000000
__Hbank8                                        bank8        000000
__Hbank9                                        bank9        000000
__Hbigbss                                       bigbss       000000
__Hbigdata                                      bigdata      000000
__Hbigram                                       bigram       000000
__Hbigsfr                                       bigsfr       000000
__Hbss                                          bss          000000
__HbssBANK0                                     bssBANK0     000000
__HbssCOMRAM                                    bssCOMRAM    000000
__Hcinit                                        cinit        000000
__Hclrtext                                      clrtext      000000
__Hcomram                                       comram       000000
__Hconfig                                       config       30000C
__Hconst                                        const        000000
__HcstackCOMRAM                                 cstackCOMRAM 000000
__Hdata                                         data         000000
__HdataCOMRAM                                   dataCOMRAM   000000
__Heeprom_data                                  eeprom_data  000000
__Hfarbss                                       farbss       000000
__Hfardata                                      fardata      000000
__Hheap                                         heap         000000
__Hibigdata                                     ibigdata     000000
__Hidata                                        idata        000000
__HidataCOMRAM                                  idataCOMRAM  000000
__Hidloc                                        idloc        000000
__Hifardata                                     ifardata     000000
__Hinit                                         init         000004
__Hintcode                                      intcode      000000
__Hintcode_body                                 intcode_body 000000
__Hintcodelo                                    intcodelo    000000
__Hintentry                                     intentry     000000
__Hintret                                       intret       000000
__Hintsave_regs                                 intsave_regs 000000
__Hirdata                                       irdata       000000
__Hmediumconst                                  mediumconst  000000
__HnvBANK0                                      nvBANK0      000000
__HnvFARRAM                                     nvFARRAM     000000
__Hnvbit                                        nvbit        000000
__Hnvrram                                       nvrram       000000
__Hparam                                        rparam       000000
__Hpowerup                                      powerup      000000
__Hram                                          ram          000000
__Hramtop                                       ramtop       000F00
__Hrbit                                         rbit         000000
__Hrbss                                         rbss         000000
__Hrdata                                        rdata        000000
__Hreset_vec                                    reset_vec    000000
__Hrparam                                       rparam       000000
__Hsfr                                          sfr          000000
__Hsmallconst                                   smallconst   000F0E
__Hspace_0                                      (abs)        00196A
__Hspace_1                                      (abs)        0000CD
__Hspace_2                                      (abs)        000000
__Hspace_4                                      (abs)        60000C
__Hstack                                        stack        000000
__Hstruct                                       struct       000000
__Htemp                                         temp         000000
__Htext                                         text         000000
__Htext0                                        text0        000000
__Htext1                                        text1        000000
__Htext10                                       text10       000000
__Htext11                                       text11       000000
__Htext12                                       text12       000000
__Htext13                                       text13       000000
__Htext14                                       text14       000000
__Htext15                                       text15       000000
__Htext16                                       text16       000000
__Htext17                                       text17       000000
__Htext18                                       text18       000000
__Htext19                                       text19       000000
__Htext2                                        text2        000000
__Htext20                                       text20       000000
__Htext3                                        text3        000000
__Htext4                                        text4        000000
__Htext5                                        text5        000000
__Htext6                                        text6        000000
__Htext7                                        text7        000000
__Htext8                                        text8        000000
__Htext9                                        text9        000000
__LRAM                                          (abs)        000001
__L__absolute__                                 __absolute__ 000000
__Labs1                                         abs1         000000
__Lbank0                                        bank0        000000
__Lbank1                                        bank1        000000
__Lbank10                                       bank10       000000
__Lbank11                                       bank11       000000
__Lbank12                                       bank12       000000
__Lbank14                                       bank14       000000
__Lbank2                                        bank2        000000
__Lbank3                                        bank3        000000
__Lbank4                                        bank4        000000
__Lbank5                                        bank5        000000
__Lbank6                                        bank6        000000
__Lbank7                                        bank7        000000
__Lbank8                                        bank8        000000
__Lbank9                                        bank9        000000
__Lbigbss                                       bigbss       000000
__Lbigdata                                      bigdata      000000
__Lbigram                                       bigram       000000
__Lbigsfr                                       bigsfr       000000
__Lbss                                          bss          000000
__LbssBANK0                                     bssBANK0     000000
__LbssCOMRAM                                    bssCOMRAM    000000
__Lcinit                                        cinit        000000
__Lclrtext                                      clrtext      000000
__Lcomram                                       comram       000000
__Lconfig                                       config       000000
__Lconst                                        const        000000
__LcstackCOMRAM                                 cstackCOMRAM 000000
__Ldata                                         data         000000
__LdataCOMRAM                                   dataCOMRAM   000000
__Leeprom_data                                  eeprom_data  000000
__Lfarbss                                       farbss       000000
__Lfardata                                      fardata      000000
__Lheap                                         heap         000000
__Libigdata                                     ibigdata     000000
__Lidata                                        idata        000000
__LidataCOMRAM                                  idataCOMRAM  000000
__Lidloc                                        idloc        000000
__Lifardata                                     ifardata     000000
__Linit                                         init         000000
__Lintcode                                      intcode      000000
__Lintcode_body                                 intcode_body 000000
__Lintcodelo                                    intcodelo    000000
__Lintentry                                     intentry     000000
__Lintret                                       intret       000000
__Lintsave_regs                                 intsave_regs 000000
__Lirdata                                       irdata       000000
__Lmediumconst                                  mediumconst  000000
__LnvBANK0                                      nvBANK0      000000
__LnvFARRAM                                     nvFARRAM     000000
__Lnvbit                                        nvbit        000000
__Lnvrram                                       nvrram       000000
__Lparam                                        rparam       000000
__Lpowerup                                      powerup      000000
__Lram                                          ram          000000
__Lramtop                                       ramtop       000F00
__Lrbit                                         rbit         000000
__Lrbss                                         rbss         000000
__Lrdata                                        rdata        000000
__Lreset_vec                                    reset_vec    000000
__Lrparam                                       rparam       000000
__Lsfr                                          sfr          000000
__Lsmallconst                                   smallconst   000F00
__Lspace_0                                      (abs)        000000
__Lspace_1                                      (abs)        000000
__Lspace_2                                      (abs)        000000
__Lspace_4                                      (abs)        000000
__Lstack                                        stack        000000
__Lstruct                                       struct       000000
__Ltemp                                         temp         000000
__Ltext                                         text         000000
__Ltext0                                        text0        000000
__Ltext1                                        text1        000000
__Ltext10                                       text10       000000
__Ltext11                                       text11       000000
__Ltext12                                       text12       000000
__Ltext13                                       text13       000000
__Ltext14                                       text14       000000
__Ltext15                                       text15       000000
__Ltext16                                       text16       000000
__Ltext17                                       text17       000000
__Ltext18                                       text18       000000
__Ltext19                                       text19       000000
__Ltext2                                        text2        000000
__Ltext20                                       text20       000000
__Ltext3                                        text3        000000
__Ltext4                                        text4        000000
__Ltext5                                        text5        000000
__Ltext6                                        text6        000000
__Ltext7                                        text7        000000
__Ltext8                                        text8        000000
__Ltext9                                        text9        000000
__S0                                            (abs)        00196A
__S1                                            (abs)        0000CD
__S4                                            (abs)        000000
__S5                                            (abs)        000000
___awdiv                                        text9        001460
___awdiv@counter                                cstackCOMRAM 000038
___awdiv@dividend                               cstackCOMRAM 000034
___awdiv@divisor                                cstackCOMRAM 000036
___awdiv@quotient                               cstackCOMRAM 00003A
___awdiv@sign                                   cstackCOMRAM 000039
___awmod                                        text8        001524
___awmod@counter                                cstackCOMRAM 000038
___awmod@dividend                               cstackCOMRAM 000034
___awmod@divisor                                cstackCOMRAM 000036
___awmod@sign                                   cstackCOMRAM 000039
___heap_hi                                      (abs)        000000
___heap_lo                                      (abs)        000000
___inthi_sp                                     stack        000000
___inthi_stack_hi                               stack        000000
___inthi_stack_lo                               stack        000000
___intlo_sp                                     stack        000000
___intlo_stack_hi                               stack        000000
___intlo_stack_lo                               stack        000000
___param_bank                                   (abs)        000000
___rparam_used                                  (abs)        000001
___sp                                           stack        000000
___stack_hi                                     stack        000000
___stack_lo                                     stack        000000
__accesstop                                     (abs)        000060
__activetblptr                                  (abs)        000003
__end_of_EUSART2_Initialize                     text15       0017DA
__end_of_EUSART2_SetErrorHandler                text18       00195E
__end_of_EUSART2_SetFramingErrorHandler         text17       001950
__end_of_EUSART2_SetOverrunErrorHandler         text16       001942
__end_of_EUSART2_Write                          text6        001906
__end_of_OSCILLATOR_Initialize                  text14       00191E
__end_of_PIN_MANAGER_Initialize                 text13       001722
__end_of_PMD_Initialize                         text12       0018EE
__end_of_SPI1_ExchangeBlock                     text20       001826
__end_of_SPI1_Initialize                        text11       0018B4
__end_of_SPI1_Open                              text19       001684
__end_of_SYSTEM_Initialize                      text10       001934
__end_of___awdiv                                text9        001524
__end_of___awmod                                text8        0015D4
__end_of__initialization                        cinit        001856
__end_of_abs                                    text7        001890
__end_of_fputc                                  text4        001460
__end_of_main                                   text0        001396
__end_of_printf                                 text1        0018D2
__end_of_putch                                  text5        001968
__end_of_spi1_configuration                     smallconst   000F05
__end_of_vfpfcnvrt                              text3        00125A
__end_of_vfprintf                               text2        00178E
__initialization                                cinit        001826
__mediumconst                                   mediumconst  000000
__pbssBANK0                                     bssBANK0     000060
__pbssCOMRAM                                    bssCOMRAM    000001
__pcinit                                        cinit        001826
__pcstackCOMRAM                                 cstackCOMRAM 000034
__pdataCOMRAM                                   dataCOMRAM   00005E
__pidataCOMRAM                                  idataCOMRAM  001968
__pnvBANK0                                      nvBANK0      0000C4
__psmallconst                                   smallconst   000F00
__ptext0                                        text0        00125A
__ptext1                                        text1        0018B4
__ptext10                                       text10       00191E
__ptext11                                       text11       001890
__ptext12                                       text12       0018D2
__ptext13                                       text13       001684
__ptext14                                       text14       001906
__ptext15                                       text15       00178E
__ptext16                                       text16       001934
__ptext17                                       text17       001942
__ptext18                                       text18       001950
__ptext19                                       text19       0015D4
__ptext2                                        text2        001722
__ptext20                                       text20       0017DA
__ptext3                                        text3        000F0E
__ptext4                                        text4        001396
__ptext5                                        text5        00195E
__ptext6                                        text6        0018EE
__ptext7                                        text7        00185C
__ptext8                                        text8        001524
__ptext9                                        text9        001460
__ramtop                                        ramtop       000F00
__smallconst                                    smallconst   000F00
_abs                                            text7        00185C
_arr                                            bssCOMRAM    000021
_data                                           bssBANK0     000060
_dbuf                                           bssCOMRAM    000001
_eusart2RxLastError                             bssCOMRAM    000033
_flags                                          bssCOMRAM    00002F
_fputc                                          text4        001396
_main                                           text0        00125A
_nout                                           bssCOMRAM    000029
_prec                                           bssCOMRAM    00002D
_printf                                         text1        0018B4
_putch                                          text5        00195E
_spi1_configuration                             smallconst   000F01
_spi_rx                                         bssCOMRAM    000030
_spi_tx                                         dataCOMRAM   00005E
_vfpfcnvrt                                      text3        000F0E
_vfprintf                                       text2        001722
_width                                          bssCOMRAM    00002B
abs@a                                           cstackCOMRAM 00003A
end_of_initialization                           cinit        001856
fputc@c                                         cstackCOMRAM 000036
fputc@fp                                        cstackCOMRAM 000038
intlevel0                                       text         000000
intlevel1                                       text         000000
intlevel2                                       text         000000
intlevel3                                       text         000000
isa$std                                         (abs)        000001
isa$xinst                                       (abs)        000000
printf@ap                                       cstackCOMRAM 00005B
printf@fmt                                      cstackCOMRAM 000057
putch@txData                                    cstackCOMRAM 000035
stackhi                                         (abs)        000000
stacklo                                         (abs)        000000
start                                           init         000000
start_initialization                            cinit        001826
vfpfcnvrt@ap                                    cstackCOMRAM 000042
vfpfcnvrt@c                                     cstackCOMRAM 00004F
vfpfcnvrt@cnt                                   cstackCOMRAM 000047
vfpfcnvrt@convarg                               cstackCOMRAM 000049
vfpfcnvrt@cp                                    cstackCOMRAM 00004D
vfpfcnvrt@done                                  cstackCOMRAM 000046
vfpfcnvrt@fmt                                   cstackCOMRAM 000041
vfpfcnvrt@fp                                    cstackCOMRAM 00003F
vfprintf@ap                                     cstackCOMRAM 000054
vfprintf@cfmt                                   cstackCOMRAM 000055
vfprintf@fmt                                    cstackCOMRAM 000052
vfprintf@fp                                     cstackCOMRAM 000050


MODULE INFORMATION

Module		Function		Class		Link	Load	Size
mcc_generated_files/eusart2.c
		_putch         		CODE           	195E	0000	10
		_EUSART2_SetOverrunErrorHandler		CODE           	1934	0000	14
		_EUSART2_SetErrorHandler		CODE           	1950	0000	14
		_EUSART2_Write 		CODE           	18EE	0000	24
		_EUSART2_Initialize		CODE           	178E	0000	76
		_EUSART2_SetFramingErrorHandler		CODE           	1942	0000	14

mcc_generated_files/eusart2.c estimated size: 152

/opt/microchip/xc8/v2.45/pic/sources/c99/common/awdiv.c
		___awdiv       		CODE           	1460	0000	196

/opt/microchip/xc8/v2.45/pic/sources/c99/common/awdiv.c estimated size: 196

mcc_generated_files/pin_manager.c
		_PIN_MANAGER_Initialize		CODE           	1684	0000	158

mcc_generated_files/pin_manager.c estimated size: 158

mcc_generated_files/spi1.c
		_SPI1_ExchangeBlock		CODE           	17DA	0000	76
		_SPI1_Open     		CODE           	15D4	0000	176
		_SPI1_Initialize		CODE           	1890	0000	36

mcc_generated_files/spi1.c estimated size: 288

/opt/microchip/xc8/v2.45/pic/sources/c99/common/doprnt.c
		_vfpfcnvrt     		CODE           	0F0E	0000	844
		_vfprintf      		CODE           	1722	0000	108

/opt/microchip/xc8/v2.45/pic/sources/c99/common/doprnt.c estimated size: 952

/opt/microchip/xc8/v2.45/pic/sources/c99/common/abs.c
		_abs           		CODE           	185C	0000	52

/opt/microchip/xc8/v2.45/pic/sources/c99/common/abs.c estimated size: 52

/opt/microchip/xc8/v2.45/pic/sources/c99/common/nf_fputc.c
		_fputc         		CODE           	1396	0000	202

/opt/microchip/xc8/v2.45/pic/sources/c99/common/nf_fputc.c estimated size: 202

shared
		__initialization		CODE           	1826	0000	48
		_spi1_configuration		SMALLCONST     	0F01	0000	4

shared estimated size: 52

mcc_generated_files/mcc.c
		_PMD_Initialize		CODE           	18D2	0000	28
		_OSCILLATOR_Initialize		CODE           	1906	0000	24
		_SYSTEM_Initialize		CODE           	191E	0000	22

mcc_generated_files/mcc.c estimated size: 74

/opt/microchip/xc8/v2.45/pic/sources/c99/common/awmod.c
		___awmod       		CODE           	1524	0000	176

/opt/microchip/xc8/v2.45/pic/sources/c99/common/awmod.c estimated size: 176

main.c
		_main          		CODE           	125A	0000	316

main.c estimated size: 316

/opt/microchip/xc8/v2.45/pic/sources/c99/common/printf.c
		_printf        		CODE           	18B4	0000	30

/opt/microchip/xc8/v2.45/pic/sources/c99/common/printf.c estimated size: 30

